============================= test session starts =============================
platform win32 -- Python 3.10.6, pytest-7.3.1, pluggy-1.0.0 -- C:\Users\wahol\AppData\Local\Programs\Python\Python310\python.exe
cachedir: .pytest_cache
benchmark: 4.0.0 (defaults: timer=time.perf_counter disable_gc=False min_rounds=5 min_time=0.000005 max_time=1.0 calibration_precision=10 warmup=False warmup_iterations=100000)
rootdir: D:\github\AI_PI_generator
plugins: anyio-4.12.1, langsmith-0.7.9, asyncio-0.21.0, benchmark-4.0.0, cov-4.0.0, integration-0.2.3, mock-3.10.0, recording-0.12.2, xdist-3.3.0
asyncio: mode=strict
collecting ... collected 1 item / 7 errors

=================================== ERRORS ====================================
__________________ ERROR collecting tests/e2e_simple_test.py __________________
ImportError while importing test module 'D:\github\AI_PI_generator\tests\e2e_simple_test.py'.
Hint: make sure your test modules/packages have valid Python names.
Traceback:
C:\Users\wahol\AppData\Local\Programs\Python\Python310\lib\importlib\__init__.py:126: in import_module
    return _bootstrap._gcd_import(name[level:], package, level)
tests\e2e_simple_test.py:2: in <module>
    from agents.orchestrator import build_orchestrator, ResearchState
agents\orchestrator.py:4: in <module>
    from langgraph.checkpoint.sqlite import SqliteSaver
E   ModuleNotFoundError: No module named 'langgraph.checkpoint.sqlite'
_________________ ERROR collecting tests/test_data_fetcher.py _________________
ImportError while importing test module 'D:\github\AI_PI_generator\tests\test_data_fetcher.py'.
Hint: make sure your test modules/packages have valid Python names.
Traceback:
C:\Users\wahol\AppData\Local\Programs\Python\Python310\lib\importlib\__init__.py:126: in import_module
    return _bootstrap._gcd_import(name[level:], package, level)
tests\test_data_fetcher.py:3: in <module>
    from agents.orchestrator import ResearchState
agents\orchestrator.py:4: in <module>
    from langgraph.checkpoint.sqlite import SqliteSaver
E   ModuleNotFoundError: No module named 'langgraph.checkpoint.sqlite'
___________________ ERROR collecting tests/test_drafter.py ____________________
ImportError while importing test module 'D:\github\AI_PI_generator\tests\test_drafter.py'.
Hint: make sure your test modules/packages have valid Python names.
Traceback:
C:\Users\wahol\AppData\Local\Programs\Python\Python310\lib\importlib\__init__.py:126: in import_module
    return _bootstrap._gcd_import(name[level:], package, level)
tests\test_drafter.py:2: in <module>
    from agents.orchestrator import ResearchState
agents\orchestrator.py:4: in <module>
    from langgraph.checkpoint.sqlite import SqliteSaver
E   ModuleNotFoundError: No module named 'langgraph.checkpoint.sqlite'
________________ ERROR collecting tests/test_field_scanner.py _________________
ImportError while importing test module 'D:\github\AI_PI_generator\tests\test_field_scanner.py'.
Hint: make sure your test modules/packages have valid Python names.
Traceback:
C:\Users\wahol\AppData\Local\Programs\Python\Python310\lib\importlib\__init__.py:126: in import_module
    return _bootstrap._gcd_import(name[level:], package, level)
tests\test_field_scanner.py:3: in <module>
    from agents.orchestrator import ResearchState
agents\orchestrator.py:4: in <module>
    from langgraph.checkpoint.sqlite import SqliteSaver
E   ModuleNotFoundError: No module named 'langgraph.checkpoint.sqlite'
___________________ ERROR collecting tests/test_ideation.py ___________________
ImportError while importing test module 'D:\github\AI_PI_generator\tests\test_ideation.py'.
Hint: make sure your test modules/packages have valid Python names.
Traceback:
C:\Users\wahol\AppData\Local\Programs\Python\Python310\lib\importlib\__init__.py:126: in import_module
    return _bootstrap._gcd_import(name[level:], package, level)
tests\test_ideation.py:3: in <module>
    from agents.orchestrator import ResearchState
agents\orchestrator.py:4: in <module>
    from langgraph.checkpoint.sqlite import SqliteSaver
E   ModuleNotFoundError: No module named 'langgraph.checkpoint.sqlite'
__________________ ERROR collecting tests/test_literature.py __________________
ImportError while importing test module 'D:\github\AI_PI_generator\tests\test_literature.py'.
Hint: make sure your test modules/packages have valid Python names.
Traceback:
C:\Users\wahol\AppData\Local\Programs\Python\Python310\lib\importlib\__init__.py:126: in import_module
    return _bootstrap._gcd_import(name[level:], package, level)
tests\test_literature.py:2: in <module>
    from agents.orchestrator import ResearchState
agents\orchestrator.py:4: in <module>
    from langgraph.checkpoint.sqlite import SqliteSaver
E   ModuleNotFoundError: No module named 'langgraph.checkpoint.sqlite'
_______________ ERROR collecting tests/test_modules_1_and_2.py ________________
ImportError while importing test module 'D:\github\AI_PI_generator\tests\test_modules_1_and_2.py'.
Hint: make sure your test modules/packages have valid Python names.
Traceback:
C:\Users\wahol\AppData\Local\Programs\Python\Python310\lib\importlib\__init__.py:126: in import_module
    return _bootstrap._gcd_import(name[level:], package, level)
tests\test_modules_1_and_2.py:12: in <module>
    from agents.orchestrator import ResearchState
agents\orchestrator.py:4: in <module>
    from langgraph.checkpoint.sqlite import SqliteSaver
E   ModuleNotFoundError: No module named 'langgraph.checkpoint.sqlite'
=========================== short test summary info ===========================
ERROR tests/e2e_simple_test.py
ERROR tests/test_data_fetcher.py
ERROR tests/test_drafter.py
ERROR tests/test_field_scanner.py
ERROR tests/test_ideation.py
ERROR tests/test_literature.py
ERROR tests/test_modules_1_and_2.py
!!!!!!!!!!!!!!!!!!! Interrupted: 7 errors during collection !!!!!!!!!!!!!!!!!!!
============================== 7 errors in 0.40s ==============================
